// Jest Snapshot v1, https://goo.gl/fbAQLP

exports[`App Matches the last snapshot 1`] = `
<DocumentFragment>
  <div
    class="MuiPaper-root MuiPaper-elevation MuiPaper-rounded MuiPaper-elevation1 css-t5ouwv-MuiPaper-root"
  >
    <div>
      <div
        class="MuiFormControl-root MuiFormControl-fullWidth css-uvw8af-MuiFormControl-root"
      >
        <label
          class="MuiFormLabel-root MuiInputLabel-root MuiInputLabel-formControl MuiInputLabel-animated MuiInputLabel-shrink MuiInputLabel-outlined MuiFormLabel-colorPrimary MuiInputLabel-root MuiInputLabel-formControl MuiInputLabel-animated MuiInputLabel-shrink MuiInputLabel-outlined css-1jy569b-MuiFormLabel-root-MuiInputLabel-root"
          data-shrink="true"
          for="outlined-adornment-amount"
        >
          Stress Gauge
        </label>
        <div
          class="MuiInputBase-root MuiOutlinedInput-root MuiInputBase-colorPrimary MuiInputBase-formControl MuiInputBase-adornedStart css-1q6at85-MuiInputBase-root-MuiOutlinedInput-root"
        >
          <div
            class="MuiInputAdornment-root MuiInputAdornment-positionStart MuiInputAdornment-outlined MuiInputAdornment-sizeMedium css-ittuaa-MuiInputAdornment-root"
          >
            <p
              class="MuiTypography-root MuiTypography-body1 css-1pnmrwp-MuiTypography-root"
            >
              &gt;&gt;&gt;
            </p>
          </div>
          <input
            aria-invalid="false"
            class="MuiInputBase-input MuiOutlinedInput-input MuiInputBase-inputAdornedStart css-1o9s3wi-MuiInputBase-input-MuiOutlinedInput-input"
            id="outlined-adornment-amount"
            type="text"
            value=""
          />
          <fieldset
            aria-hidden="true"
            class="MuiOutlinedInput-notchedOutline css-1d3z3hw-MuiOutlinedInput-notchedOutline"
          >
            <legend
              class="css-14lo706"
            >
              <span>
                C3PO Prompt
              </span>
            </legend>
          </fieldset>
        </div>
      </div>
      <p>
        <code>
          Type a message to view stress level
        </code>
      </p>
    </div>
  </div>
</DocumentFragment>
`;
